// Jest Snapshot v1, https://goo.gl/fbAQLP

exports[`Update messages tests -  Edit a text message using a valid messageId 1`] = `
Object {
  "channel": "C029Y3JNWTS",
  "message": Object {
    "bot_id": "B02995EBYP4",
    "bot_profile": Object {
      "app_id": "A029937T49G",
      "deleted": false,
      "icons": Object {
        "image_36": "https://a.slack-edge.com/80588/img/plugins/app/bot_36.png",
        "image_48": "https://a.slack-edge.com/80588/img/plugins/app/bot_48.png",
        "image_72": "https://a.slack-edge.com/80588/img/plugins/app/service_72.png",
      },
      "id": "B02995EBYP4",
      "name": "Demo App",
      "team_id": "T029Y3JN508",
      "updated": 1627364491,
    },
    "team": "T029Y3JN508",
    "text": "This is an updated text message",
    "type": "message",
    "user": "U0298CLJHH8",
  },
  "ok": true,
  "response_metadata": Object {
    "acceptedScopes": Array [
      "chat:write",
    ],
    "scopes": Array [
      "identify",
      "channels:history",
      "chat:write",
    ],
  },
  "text": "This is an updated text message",
  "ts": Any<String>,
}
`;
